
>>> YOLO Serverless — Full Acceptance Suite
REPEATS=3 COLD_VUS=3 BURST_VUS=15 TIMEOUT=180s

>>> Lặp compare cold-start 3 lần (mỗi lần scale-to-zero riêng)...

>>> [Compare] Optimized (RAM) → results/runs/run-1
==> Đang ép yolo-inference scale về 0...
No resources found
==> Chờ không còn pod (timeout 180s)...
==> Scale-to-zero hoàn tất. Sẵn sàng chạy cold-start benchmark.
time="2026-07-22T20:21:38+07:00" level=warning msg="open() was used and is currently relative to 'file:///Users/huyngoquang/Documents/T%C3%A0i%20li%E1%BB%87u%20th%E1%BA%A1c%20s%C4%A9/H%E1%BB%87%20t%C3%ADnh%20to%C3%A1n%20ph%C3%A2n%20b%E1%BB%91%20n%C3%A2ng%20cao%20-%20NT2204.CH201/yolo-serverless/', but in the future it will be aligned with how `require` and imports work and will be relative to 'file:///Users/huyngoquang/Documents/T%C3%A0i%20li%E1%BB%87u%20th%E1%BA%A1c%20s%C4%A9/H%E1%BB%87%20t%C3%ADnh%20to%C3%A1n%20ph%C3%A2n%20b%E1%BB%91%20n%C3%A2ng%20cao%20-%20NT2204.CH201/yolo-serverless/lib/common.js'. This means that in the future open will open relative path relative to the module/file it is written in. You can future proof this by using `import.meta.resolve()` to get relative paths to the file it is written in the current k6 version."
[32m     ✓ status is 200[0m

     checks[2m.........................:[0m [36m100.00%[0m [36;2m✓ 3[0m        [36;2m✗ 0[0m  
     cold_start_latency_ms[2m..........:[0m avg=[36m14.44s[0m   min=[36m14.44s[0m  med=[36m14.44s[0m  max=[36m14.44s[0m  p(90)=[36m14.44s[0m  p(95)=[36m14.44s[0m   p(99)=[36m14.44s[0m   count=[36m3[0m
     data_received[2m..................:[0m [36m648 B[0m   [36;2m45 B/s[0m
     data_sent[2m......................:[0m [36m1.6 MB[0m  [36;2m110 kB/s[0m
     http_req_blocked[2m...............:[0m avg=[36m14.56ms[0m  min=[36m14.48ms[0m med=[36m14.52ms[0m max=[36m14.67ms[0m p(90)=[36m14.64ms[0m p(95)=[36m14.65ms[0m  p(99)=[36m14.66ms[0m  count=[36m3[0m
     http_req_connecting[2m............:[0m avg=[36m279.99µs[0m min=[36m263µs[0m   med=[36m286µs[0m   max=[36m291µs[0m   p(90)=[36m290µs[0m   p(95)=[36m290.5µs[0m  p(99)=[36m290.89µs[0m count=[36m3[0m
     http_req_duration[2m..............:[0m avg=[36m14.44s[0m   min=[36m14.44s[0m  med=[36m14.44s[0m  max=[36m14.44s[0m  p(90)=[36m14.44s[0m  p(95)=[36m14.44s[0m   p(99)=[36m14.44s[0m   count=[36m3[0m
       { expected_response:true }[2m...:[0m avg=[36m14.44s[0m   min=[36m14.44s[0m  med=[36m14.44s[0m  max=[36m14.44s[0m  p(90)=[36m14.44s[0m  p(95)=[36m14.44s[0m   p(99)=[36m14.44s[0m   count=[36m3[0m
       { phase:cold_start }[2m.........:[0m avg=[36m14.44s[0m   min=[36m14.44s[0m  med=[36m14.44s[0m  max=[36m14.44s[0m  p(90)=[36m14.44s[0m  p(95)=[36m14.44s[0m   p(99)=[36m14.44s[0m   count=[36m3[0m
     http_req_failed[2m................:[0m [36m0.00%[0m   [36;2m✓ 0[0m        [36;2m✗ 3[0m  
     http_req_receiving[2m.............:[0m avg=[36m332µs[0m    min=[36m137µs[0m   med=[36m268µs[0m   max=[36m591µs[0m   p(90)=[36m526.4µs[0m p(95)=[36m558.69µs[0m p(99)=[36m584.54µs[0m count=[36m3[0m
     http_req_sending[2m...............:[0m avg=[36m899.33µs[0m min=[36m825µs[0m   med=[36m826µs[0m   max=[36m1.04ms[0m  p(90)=[36m1ms[0m     p(95)=[36m1.02ms[0m   p(99)=[36m1.04ms[0m   count=[36m3[0m
     http_req_tls_handshaking[2m.......:[0m avg=[36m0s[0m       min=[36m0s[0m      med=[36m0s[0m      max=[36m0s[0m      p(90)=[36m0s[0m      p(95)=[36m0s[0m       p(99)=[36m0s[0m       count=[36m3[0m
     http_req_waiting[2m...............:[0m avg=[36m14.44s[0m   min=[36m14.44s[0m  med=[36m14.44s[0m  max=[36m14.44s[0m  p(90)=[36m14.44s[0m  p(95)=[36m14.44s[0m   p(99)=[36m14.44s[0m   count=[36m3[0m
     http_reqs[2m......................:[0m [36m3[0m       [36;2m0.207451/s[0m
     iteration_duration[2m.............:[0m avg=[36m14.46s[0m   min=[36m14.46s[0m  med=[36m14.46s[0m  max=[36m14.46s[0m  p(90)=[36m14.46s[0m  p(95)=[36m14.46s[0m   p(99)=[36m14.46s[0m   count=[36m3[0m
     iterations[2m.....................:[0m [36m3[0m       [36;2m0.207451/s[0m
     vus[2m............................:[0m [36m3[0m       [36;2mmin=3[0m      [36;2mmax=3[0m
     vus_max[2m........................:[0m [36m3[0m       [36;2mmin=3[0m      [36;2mmax=3[0mOK: optimized results/runs/run-1: fail_rate=0.00% p99=14.44s

>>> [Compare] Baseline (Disk) → results/runs/run-1
==> Đang ép yolo-inference-baseline scale về 0...
No resources found
==> Chờ không còn pod (timeout 180s)...
==> Scale-to-zero hoàn tất. Sẵn sàng chạy cold-start benchmark.
time="2026-07-22T20:21:56+07:00" level=warning msg="open() was used and is currently relative to 'file:///Users/huyngoquang/Documents/T%C3%A0i%20li%E1%BB%87u%20th%E1%BA%A1c%20s%C4%A9/H%E1%BB%87%20t%C3%ADnh%20to%C3%A1n%20ph%C3%A2n%20b%E1%BB%91%20n%C3%A2ng%20cao%20-%20NT2204.CH201/yolo-serverless/', but in the future it will be aligned with how `require` and imports work and will be relative to 'file:///Users/huyngoquang/Documents/T%C3%A0i%20li%E1%BB%87u%20th%E1%BA%A1c%20s%C4%A9/H%E1%BB%87%20t%C3%ADnh%20to%C3%A1n%20ph%C3%A2n%20b%E1%BB%91%20n%C3%A2ng%20cao%20-%20NT2204.CH201/yolo-serverless/lib/common.js'. This means that in the future open will open relative path relative to the module/file it is written in. You can future proof this by using `import.meta.resolve()` to get relative paths to the file it is written in the current k6 version."
time="2026-07-22T20:22:15+07:00" level=info msg="[LỖI 502] url=http://yolo-inference-baseline.default.127.0.0.1.sslip.io:8080/predict body=EOF\n" source=console
time="2026-07-22T20:22:15+07:00" level=info msg="[LỖI 502] url=http://yolo-inference-baseline.default.127.0.0.1.sslip.io:8080/predict body=EOF\n" source=console
[31m     ✗ status is 200
      ↳  33% — ✓ 1 / ✗ 2[0m

     checks[2m.........................:[0m [36m33.33%[0m [36;2m✓ 1[0m        [36;2m✗ 2[0m  
     cold_start_latency_ms[2m..........:[0m avg=[36m18.23s[0m   min=[36m17.31s[0m med=[36m17.31s[0m max=[36m20.07s[0m p(90)=[36m19.52s[0m  p(95)=[36m19.8s[0m   p(99)=[36m20.02s[0m   count=[36m3[0m
     data_received[2m..................:[0m [36m645 B[0m  [36;2m31 B/s[0m
     data_sent[2m......................:[0m [36m1.6 MB[0m [36;2m75 kB/s[0m
     http_req_blocked[2m...............:[0m avg=[36m1.09s[0m    min=[36m1.09s[0m  med=[36m1.09s[0m  max=[36m1.09s[0m  p(90)=[36m1.09s[0m   p(95)=[36m1.09s[0m   p(99)=[36m1.09s[0m    count=[36m3[0m
     http_req_connecting[2m............:[0m avg=[36m1.54ms[0m   min=[36m444µs[0m  med=[36m1.79ms[0m max=[36m2.39ms[0m p(90)=[36m2.27ms[0m  p(95)=[36m2.33ms[0m  p(99)=[36m2.38ms[0m   count=[36m3[0m
     http_req_duration[2m..............:[0m avg=[36m18.23s[0m   min=[36m17.31s[0m med=[36m17.31s[0m max=[36m20.07s[0m p(90)=[36m19.52s[0m  p(95)=[36m19.8s[0m   p(99)=[36m20.02s[0m   count=[36m3[0m
       { expected_response:true }[2m...:[0m avg=[36m20.07s[0m   min=[36m20.07s[0m med=[36m20.07s[0m max=[36m20.07s[0m p(90)=[36m20.07s[0m  p(95)=[36m20.07s[0m  p(99)=[36m20.07s[0m   count=[36m1[0m
       { phase:cold_start }[2m.........:[0m avg=[36m18.23s[0m   min=[36m17.31s[0m med=[36m17.31s[0m max=[36m20.07s[0m p(90)=[36m19.52s[0m  p(95)=[36m19.8s[0m   p(99)=[36m20.02s[0m   count=[36m3[0m
     http_req_failed[2m................:[0m [36m66.66%[0m [36;2m✓ 2[0m        [36;2m✗ 1[0m  
     http_req_receiving[2m.............:[0m avg=[36m150.66µs[0m min=[36m39µs[0m   med=[36m153µs[0m  max=[36m260µs[0m  p(90)=[36m238.6µs[0m p(95)=[36m249.3µs[0m p(99)=[36m257.86µs[0m count=[36m3[0m
     http_req_sending[2m...............:[0m avg=[36m1.24ms[0m   min=[36m837µs[0m  med=[36m1ms[0m    max=[36m1.89ms[0m p(90)=[36m1.72ms[0m  p(95)=[36m1.8ms[0m   p(99)=[36m1.88ms[0m   count=[36m3[0m
     http_req_tls_handshaking[2m.......:[0m avg=[36m0s[0m       min=[36m0s[0m     med=[36m0s[0m     max=[36m0s[0m     p(90)=[36m0s[0m      p(95)=[36m0s[0m      p(99)=[36m0s[0m       count=[36m3[0m
     http_req_waiting[2m...............:[0m avg=[36m18.23s[0m   min=[36m17.3s[0m  med=[36m17.31s[0m max=[36m20.07s[0m p(90)=[36m19.52s[0m  p(95)=[36m19.79s[0m  p(99)=[36m20.02s[0m   count=[36m3[0m
     http_reqs[2m......................:[0m [36m3[0m      [36;2m0.141679/s[0m
     iteration_duration[2m.............:[0m avg=[36m19.32s[0m   min=[36m18.4s[0m  med=[36m18.4s[0m  max=[36m21.17s[0m p(90)=[36m20.62s[0m  p(95)=[36m20.89s[0m  p(99)=[36m21.11s[0m   count=[36m3[0m
     iterations[2m.....................:[0m [36m3[0m      [36;2m0.141679/s[0m
     vus[2m............................:[0m [36m1[0m      [36;2mmin=1[0m      [36;2mmax=3[0m
     vus_max[2m........................:[0m [36m3[0m      [36;2mmin=3[0m      [36;2mmax=3[0mERROR: baseline results/runs/run-1: fail_rate=66.67% — quá nhiều lỗi HTTP
